{"pickup":0.0,"beats_per_bar":4,"time_signature":"4/4","first_beat":0.0}
