{"bpm":129.199,"beat_times":[0,0.463,0.926,1.389,1.852,2.315,2.778,3.241,3.704,4.167]}